// Jest Snapshot v1, https://goo.gl/fbAQLP

exports[`renders without crashing 1`] = `
"<div>
  <Card id={1} name=\\"john\\" email=\\"John@gmail.com\\" />
</div>"
`;
